Metal1		drawing		1		0
Metal1		drawing		2		0
Metal1		drawing		3		0
Metal1		drawing		4		0
Metal1		drawing		5		0
Metal1		drawing		6		0
Metal1		drawing		7		0
Metal1		drawing		8		0
Metal1		drawing		9		0
Metal1		drawing		10		0
text		drawing		11		0
text		drawing		12		0
text		drawing		13		0
text		drawing		14		0
Via1		drawing		15		0
Via1		drawing		16		0
Via1		drawing		17		0
Via1		drawing		18		0
Via1		drawing		19		0
Via1		drawing		20		0
Via1		drawing		21		0
Metal2		drawing		22		0
Metal2		drawing		23		0
Metal2		drawing		24		0
Metal2		drawing		25		0
Metal2		drawing		26		0
Metal2		drawing		27		0
Metal2		drawing		28		0
Metal2		drawing		29		0
Metal2		drawing		30		0
Metal2		drawing		31		0
text		drawing		32		0
text		drawing		33		0
text		drawing		34		0
text		drawing		35		0
Via2		drawing		36		0
Via2		drawing		37		0
Via2		drawing		38		0
Via2		drawing		39		0
Via2		drawing		40		0
Via2		drawing		41		0
Via2		drawing		42		0
Metal3		drawing		43		0
Metal3		drawing		44		0
Metal3		drawing		45		0
Metal3		drawing		46		0
Metal3		drawing		47		0
Metal3		drawing		48		0
Metal3		drawing		49		0
Metal3		drawing		50		0
Metal3		drawing		51		0
Metal3		drawing		52		0
text		drawing		53		0
text		drawing		54		0
text		drawing		55		0
text		drawing		56		0
Via3		drawing		57		0
Via3		drawing		58		0
Via3		drawing		59		0
Via3		drawing		60		0
Via3		drawing		61		0
Via3		drawing		62		0
Via3		drawing		63		0
Metal4		drawing		64		0
Metal4		drawing		65		0
Metal4		drawing		66		0
Metal4		drawing		67		0
Metal4		drawing		68		0
Metal4		drawing		69		0
Metal4		drawing		70		0
Metal4		drawing		71		0
Metal4		drawing		72		0
Metal4		drawing		73		0
text		drawing		74		0
text		drawing		75		0
text		drawing		76		0
text		drawing		77		0
Via4		drawing		78		0
Via4		drawing		79		0
Via4		drawing		80		0
Via4		drawing		81		0
Via4		drawing		82		0
Via4		drawing		83		0
Via4		drawing		84		0
Metal5		drawing		85		0
Metal5		drawing		86		0
Metal5		drawing		87		0
Metal5		drawing		88		0
Metal5		drawing		89		0
Metal5		drawing		90		0
Metal5		drawing		91		0
Metal5		drawing		92		0
Metal5		drawing		93		0
Metal5		drawing		94		0
text		drawing		95		0
text		drawing		96		0
text		drawing		97		0
text		drawing		98		0
Via5		drawing		99		0
Via5		drawing		100		0
Via5		drawing		101		0
Via5		drawing		102		0
Via5		drawing		103		0
Via5		drawing		104		0
Via5		drawing		105		0
Metal6		drawing		106		0
Metal6		drawing		107		0
Metal6		drawing		108		0
Metal6		drawing		109		0
Metal6		drawing		110		0
Metal6		drawing		111		0
Metal6		drawing		112		0
Metal6		drawing		113		0
Metal6		drawing		114		0
Metal6		drawing		115		0
text		drawing		116		0
text		drawing		117		0
text		drawing		118		0
text		drawing		119		0
text		COMP		120		0
COMP		ALL		121		0
DIEAREA		ALL		122		0
